// 重构日志: 553b734b
// 同步 ID: 8aceac05 @ Thu Jul 23 10:23:47 UTC 2026
// 重构日志: 2016913e
// 重构日志: 8f79ae26
// 重构日志: 11a7c395
// 重构日志: 254cbcc2
// 重构日志: b87b0c1c
// 重构日志: 58e2eebc
// 重构日志: 62a13d16
// 重构日志: 98150518
// 重构日志: 0e4c8573
// 同步 ID: 6d5bdd3c @ Sun Jul 26 10:37:56 UTC 2026
// 同步 ID: 41db62fd @ Sun Jul 26 12:59:37 UTC 2026
// 重构日志: 885e2c80
// 同步 ID: 43b4959e @ Mon Jul 27 06:31:08 UTC 2026
// 同步 ID: b60f830e @ Mon Jul 27 19:32:56 UTC 2026
// 重构日志: f957998f
// 重构日志: 27e9b132
// 重构日志: 72fc55f4
// 重构日志: 9f3049f2
// 同步 ID: 384ccd81 @ Thu Jul 30 07:31:11 UTC 2026
// 同步 ID: 0b893550 @ Thu Jul 30 17:19:42 UTC 2026
// 重构日志: 53e7bfaa
// 同步 ID: 29810b7e @ Fri Jul 31 01:56:58 UTC 2026
// 同步 ID: 83b27904 @ Fri Jul 31 05:48:44 UTC 2026
// 同步 ID: 14f4f10f @ Fri Jul 31 08:57:54 UTC 2026
// 重构日志: e084f653
// 同步 ID: 0a407c8a @ Sat Aug  1 01:57:37 UTC 2026
// 同步 ID: d4303031 @ Sat Aug  1 06:00:57 UTC 2026
// 同步 ID: b504dfda @ Sat Aug  1 08:47:55 UTC 2026
